 func_8007A4D0
time in parse: 0.000497
time in integration: 0.000000
time in jump: 0.000093
time in cse: 0.000136
time in loop: 0.000072
time in cse2: 0.000052
time in flow: 0.000087
time in combine: 0.000256
time in sched: 0.000000
time in local-alloc: 0.000141
time in global-alloc: 0.000168
time in sched2: 0.000245
time in dbranch: 0.000153
time in shorten-branch: 0.000010
time in stack-reg: 0.000000
time in final: 0.000119
time in varconst: 0.000018
time in symout: 0.000000
time in dump: 0.000000
