 func_8007A4D0
time in parse: 0.000329
time in integration: 0.000000
time in jump: 0.000066
time in cse: 0.000077
time in loop: 0.000003
time in cse2: 0.000037
time in flow: 0.000043
time in combine: 0.000119
time in sched: 0.000067
time in local-alloc: 0.000086
time in global-alloc: 0.000059
time in sched2: 0.000056
time in dbranch: 0.000088
time in shorten-branch: 0.000010
time in stack-reg: 0.000000
time in final: 0.000075
time in varconst: 0.000007
time in symout: 0.000000
time in dump: 0.000000
