 func_8007A4D0
time in parse: 0.000255
time in integration: 0.000000
time in jump: 0.000076
time in cse: 0.000075
time in loop: 0.000004
time in cse2: 0.000037
time in flow: 0.000042
time in combine: 0.000113
time in sched: 0.000070
time in local-alloc: 0.000083
time in global-alloc: 0.000055
time in sched2: 0.000057
time in dbranch: 0.000091
time in shorten-branch: 0.000010
time in stack-reg: 0.000000
time in final: 0.000084
time in varconst: 0.000007
time in symout: 0.000005
time in dump: 0.000000
