 func_8007A4D0
time in parse: 0.000256
time in integration: 0.000000
time in jump: 0.000071
time in cse: 0.000078
time in loop: 0.000003
time in cse2: 0.000039
time in flow: 0.000040
time in combine: 0.000114
time in sched: 0.000068
time in local-alloc: 0.000083
time in global-alloc: 0.000056
time in sched2: 0.000057
time in dbranch: 0.000094
time in shorten-branch: 0.000009
time in stack-reg: 0.000000
time in final: 0.000083
time in varconst: 0.000005
time in symout: 0.000004
time in dump: 0.000000
