 func_8007A4D0
time in parse: 0.000267
time in integration: 0.000000
time in jump: 0.000068
time in cse: 0.000079
time in loop: 0.000003
time in cse2: 0.000037
time in flow: 0.000044
time in combine: 0.000126
time in sched: 0.000068
time in local-alloc: 0.000090
time in global-alloc: 0.000060
time in sched2: 0.000057
time in dbranch: 0.000093
time in shorten-branch: 0.000010
time in stack-reg: 0.000000
time in final: 0.000068
time in varconst: 0.000007
time in symout: 0.000000
time in dump: 0.000000
