 func_8007A4D0
time in parse: 0.000280
time in integration: 0.000000
time in jump: 0.000068
time in cse: 0.000078
time in loop: 0.000003
time in cse2: 0.000038
time in flow: 0.000043
time in combine: 0.000118
time in sched: 0.000067
time in local-alloc: 0.000090
time in global-alloc: 0.000059
time in sched2: 0.000057
time in dbranch: 0.000091
time in shorten-branch: 0.000010
time in stack-reg: 0.000000
time in final: 0.000074
time in varconst: 0.000010
time in symout: 0.000000
time in dump: 0.000000
