 func_8007A4D0
time in parse: 0.000253
time in integration: 0.000000
time in jump: 0.000076
time in cse: 0.000077
time in loop: 0.000006
time in cse2: 0.000038
time in flow: 0.000042
time in combine: 0.000113
time in sched: 0.000069
time in local-alloc: 0.000085
time in global-alloc: 0.000058
time in sched2: 0.000058
time in dbranch: 0.000094
time in shorten-branch: 0.000009
time in stack-reg: 0.000000
time in final: 0.000093
time in varconst: 0.000003
time in symout: 0.000005
time in dump: 0.000000
