 func_8007A4D0
time in parse: 0.000883
time in integration: 0.000000
time in jump: 0.000200
time in cse: 0.000242
time in loop: 0.000008
time in cse2: 0.000108
time in flow: 0.000131
time in combine: 0.000365
time in sched: 0.000203
time in local-alloc: 0.000258
time in global-alloc: 0.000179
time in sched2: 0.000163
time in dbranch: 0.000263
time in shorten-branch: 0.000027
time in stack-reg: 0.000000
time in final: 0.000214
time in varconst: 0.000017
time in symout: 0.000000
time in dump: 0.000000
